topic:home/+/cbus/+/+/+/C
topic:home/lighting/+/+/+/+/C
function:lighting,Lighting
location:dining_room,DiningRoom
location:kitchen,Kitchen
location:bathroom,Bathroom
location:tv_room,TVRoom
location:living_room,LivingRoom
location:bedroom,Bedroom
action:light_on,LIGHT_ON
action:light_off,LIGHT_OFF
action:light_low,LIGHT_LOW
action:light_medium,LIGHT_MEDIUM
action:light_lvl,LIGHT_LVL
action:ramp_0s_lvl,RAMP_0S_LVL
action:ramp_4s_lvl,RAMP_4S_LVL
action:ramp_8s_lvl,RAMP_8S_LVL
action:ramp_12s_lvl,RAMP_12S_LVL
action:ramp_20s_lvl,RAMP_20S_LVL
action:ramp_30s_lvl,RAMP_30S_LVL
action:ramp_40s_lvl,RAMP_40S_LVL
action:ramp_60s_lvl,RAMP_60S_LVL
action:ramp_90s_lvl,RAMP_90S_LVL
action:ramp_2m_lvl,RAMP_2M_LVL
action:ramp_3m_lvl,RAMP_3M_LVL
action:ramp_5m_lvl,RAMP_5M_LVL
action:ramp_7m_lvl,RAMP_7M_LVL
action:ramp_10m_lvl,RAMP_10M_LVL
action:ramp_15m_lvl,RAMP_15M_LVL
action:ramp_17m_lvl,RAMP_17M_LVL
action:terminateramp,TERMINATERAMP
device:kitchen_spots,Kitchen_Spots
device:kitchen_underunit,Kitchen_UnderUnit
device:tvroom_spots,TVRoom_Spots
device:diningroom_pendant,DiningRoom_Pendant
device:diningroom_socket,DiningRoom_Socket
device:livingroom_spots,LivingRoom_Spots
device:livingroom_wall,LivingRoom_Wall
device:office_socket,Office_Socket
device:office_spots,Office_Spots
device:bedroom_bedside,Bedroom_Bedside
device:bedroom_socket,Bedroom_Socket
device:bedroom_spots,Bedroom_Spots
device:bathroom_spots,Bathroom_Spots
